
> frontend@0.0.0 build
> ng build

[33m>[39m Building...
[32mΓêÜ[39m Building...
Application bundle generation failed. [20.113 seconds]

node.exe : [1m[31m[31mX [41;31m[[41;97mERROR[41;31m][0m [1mTS2322: Type 'number | undefined' is not assignable 
to type 'number'.
At line:1 char:1
+ & "D:\Program Files/node.exe" "C:\Users\Mohamed\AppData\Roaming\npm/n ...
+ ~~~~~~~~~~~~~~~~~~~~~~~~~~~~~~~~~~~~~~~~~~~~~~~~~~~~~~~~~~~~~~~~~~~~~
    + CategoryInfo          : NotSpecified: ([1m[31m[31mX... type 'number'.:String) [], RemoteException
    + FullyQualifiedErrorId : NativeCommandError
 
  Type 'undefined' is not assignable to type 'number'.[0m [1m[35m[plugin angular-compiler][0m

    src/app/locataire/services/reservation.service.ts:68:6:
[37m      68 Γöé       [32mplaceId[37m: r.lieu?.id,
         Γò╡       [32m~~~~~~~[0m

  The expected type comes from property 'placeId' which is declared here on type 'Booking'

    src/app/locataire/services/locataires.service.ts:39:2:
[37m      39 Γöé   [32mplaceId[37m: number;
         Γò╡   [32m~~~~~~~[0m


[31mX [41;31m[[41;97mERROR[41;31m][0m [1mTS2322: Type 'number | undefined' is not assignable to type 'number'.
  Type 'undefined' is not assignable to type 'number'.[0m [1m[35m[plugin angular-compiler][0m

    src/app/locataire/services/reservation.service.ts:69:6:
[37m      69 Γöé       [32muserId[37m: r.locataire?.id,
         Γò╡       [32m~~~~~~[0m

  The expected type comes from property 'userId' which is declared here on type 'Booking'

    src/app/locataire/services/locataires.service.ts:40:2:
[37m      40 Γöé   [32muserId[37m: number;
         Γò╡   [32m~~~~~~[0m


[31mX [41;31m[[41;97mERROR[41;31m][0m [1mTS2739: Type 'AbstractControl<any, any, any>' is missing the following 
properties from type 'FormControl<any>': defaultValue, registerOnChange, registerOnDisabledChange[0m [1m[35m[plugin 
angular-compiler][0m

    src/app/locataire/tenant-search/tenant-search.component.html:17:44:
[37m      17 Γöé ...ass="search-city-select" [[32mformControl[37m]="searchForm.controls['lo...
         Γò╡                              [32m~~~~~~~~~~~[0m

  Error occurs in the template of component TenantSearchComponent.

    src/app/locataire/tenant-search/tenant-search.component.ts:14:15:
[37m      14 Γöé   templateUrl: [32m'./tenant-search.component.html'[37m,
         Γò╡                [32m~~~~~~~~~~~~~~~~~~~~~~~~~~~~~~~~[0m


[31mX [41;31m[[41;97mERROR[41;31m][0m [1mNG1010: 'imports' must be an array of components, directives, pipes, or 
NgModules.
  Value could not be determined statically.[0m [1m[35m[plugin angular-compiler][0m

    src/app/proprietaires/property-calendar/property-calendar.component.ts:41:4:
[37m      41 Γöé     [32mMadCurrencyPipe[37m
         Γò╡     [32m~~~~~~~~~~~~~~~[0m

  Unknown reference.

    src/app/proprietaires/property-calendar/property-calendar.component.ts:41:4:
[37m      41 Γöé     [32mMadCurrencyPipe[37m
         Γò╡     [32m~~~~~~~~~~~~~~~[0m


[31mX [41;31m[[41;97mERROR[41;31m][0m [1mTS2304: Cannot find name 'MadCurrencyPipe'.[0m [1m[35m[plugin 
angular-compiler][0m

    src/app/proprietaires/property-calendar/property-calendar.component.ts:41:4:
[37m      41 Γöé     [32mMadCurrencyPipe[37m
         Γò╡     [32m~~~~~~~~~~~~~~~[0m


[31mX [41;31m[[41;97mERROR[41;31m][0m [1mTS2339: Property 'debugNavigation' does not exist on type 
'HeaderComponent'.[0m [1m[35m[plugin angular-compiler][0m

    src/app/shared/header/header.component.html:60:77:
[37m      60 Γöé ..."header-btn header-btn--ghost" (click)="[32mdebugNavigation[37m('login')">
         Γò╡                                            [32m~~~~~~~~~~~~~~~[0m

  Error occurs in the template of component HeaderComponent.

    src/app/shared/header/header.component.ts:14:15:
[37m      14 Γöé   templateUrl: [32m'./header.component.html'[37m,
         Γò╡                [32m~~~~~~~~~~~~~~~~~~~~~~~~~[0m


[31mX [41;31m[[41;97mERROR[41;31m][0m [1mTS2339: Property 'debugNavigation' does not exist on type 
'HeaderComponent'.[0m [1m[35m[plugin angular-compiler][0m

    src/app/shared/header/header.component.html:63:82:
[37m      63 Γöé ...er-btn header-btn--primary" (click)="[32mdebugNavigation[37m('register')">
         Γò╡                                         [32m~~~~~~~~~~~~~~~[0m

  Error occurs in the template of component HeaderComponent.

    src/app/shared/header/header.component.ts:14:15:
[37m      14 Γöé   templateUrl: [32m'./header.component.html'[37m,
         Γò╡                [32m~~~~~~~~~~~~~~~~~~~~~~~~~[0m


[31mX [41;31m[[41;97mERROR[41;31m][0m [1mTS2339: Property 'debugNavigation' does not exist on type 
'HeaderComponent'.[0m [1m[35m[plugin angular-compiler][0m

    src/app/shared/header/header.component.html:150:77:
[37m      150 Γöé ...ry" (click)="closeMenu(); [32mdebugNavigation[37m('login')">Connexion</a>
          Γò╡                              [32m~~~~~~~~~~~~~~~[0m

  Error occurs in the template of component HeaderComponent.

    src/app/shared/header/header.component.ts:14:15:
[37m      14 Γöé   templateUrl: [32m'./header.component.html'[37m,
         Γò╡                [32m~~~~~~~~~~~~~~~~~~~~~~~~~[0m


[31mX [41;31m[[41;97mERROR[41;31m][0m [1mTS2339: Property 'debugNavigation' does not exist on type 
'HeaderComponent'.[0m [1m[35m[plugin angular-compiler][0m

    src/app/shared/header/header.component.html:151:78:
[37m      151 Γöé ..." (click)="closeMenu(); [32mdebugNavigation[37m('register')">Inscripti...
          Γò╡                            [32m~~~~~~~~~~~~~~~[0m

  Error occurs in the template of component HeaderComponent.

    src/app/shared/header/header.component.ts:14:15:
[37m      14 Γöé   templateUrl: [32m'./header.component.html'[37m,
         Γò╡                [32m~~~~~~~~~~~~~~~~~~~~~~~~~[0m

[39m[22m
